--- Starting Backend Verification Test ---

1. Testing Research Service for: "Impact of AI on software engineering in 2026"...
Research Results (first 200 chars):

        Mock Research Data for: "Impact of AI on software engineering in 2026"
        - Stat 1: 75% of professionals believe Impact of AI on software engineering in 2026 will impact their industry b...

2. Testing LLM Enhancement (Article Mode, 1 page)...
[19:15:57 UTC] [33mWARN[39m: [36mTAVILY_API_KEY not set. Using mock research data.[39m
[19:15:57 UTC] [32mINFO[39m: [36mEnhancing post started for all 4 tones[39m
    textLength: 44
    mode: "article"

Success! Tones generated:
- Professional: 2808 chars, Hook Score: undefined
- Conversational: 2253 chars, Hook Score: 9
- Storytelling: 3246 chars, Hook Score: 8
- Bold/Contrarian: 2939 chars, Hook Score: undefined

Sample Content (Professional Tone, first 200 chars):
# The Transformative Impact of AI on Software Engineering by 2026

## Introduction
In a rapidly evolving technological landscape, artificial intelligence (AI) is poised to redefine the way software en...

--- Verification Test Complete ---
[19:16:18 UTC] [32mINFO[39m: [36mSuccessfully enhanced post from OpenAI across all tones[39m
